15:44:34 **** Incremental Build of configuration Debug for project mcu_lab1 ****
make -j8 all 
arm-none-eabi-gcc "../Core/Src/main.c" -mcpu=cortex-m3 -std=gnu11 -g3 -DDEBUG -DUSE_HAL_DRIVER -DSTM32F103x6 -c -I../Core/Inc -I../Drivers/STM32F1xx_HAL_Driver/Inc -I../Drivers/STM32F1xx_HAL_Driver/Inc/Legacy -I../Drivers/CMSIS/Device/ST/STM32F1xx/Include -I../Drivers/CMSIS/Include -O0 -ffunction-sections -fdata-sections -Wall -fstack-usage -MMD -MP -MF"Core/Src/main.d" -MT"Core/Src/main.o" --specs=nano.specs -mfloat-abi=soft -mthumb -o "Core/Src/main.o"
arm-none-eabi-gcc -o "mcu_lab1.elf" @"objects.list"   -mcpu=cortex-m3 -T"C:\Users\nguye\Documents\GitHub\MCU-LAB1\mcu_lab1\STM32F103C6UX_FLASH.ld" --specs=nosys.specs -Wl,-Map="mcu_lab1.map" -Wl,--gc-sections -static --specs=nano.specs -mfloat-abi=soft -mthumb -Wl,--start-group -lc -lm -Wl,--end-group
Finished building target: mcu_lab1.elf
 
arm-none-eabi-size   mcu_lab1.elf 
arm-none-eabi-objdump -h -S  mcu_lab1.elf  > "mcu_lab1.list"
arm-none-eabi-objcopy  -O ihex  mcu_lab1.elf  "mcu_lab1.hex"
arm-none-eabi-objcopy  -O binary  mcu_lab1.elf  "mcu_lab1.bin"
   text	   data	    bss	    dec	    hex	filename
   4672	     20	   1572	   6264	   1878	mcu_lab1.elf
Finished building: default.size.stdout
 
Finished building: mcu_lab1.hex
Finished building: mcu_lab1.bin
Finished building: mcu_lab1.list
 
 
 

15:44:35 Build Finished. 0 errors, 0 warnings. (took 806ms)

